main.c:147:5:main	80	static
main.c:651:6:SystemClock_Config	88	static
main.c:696:13:MX_ADC1_Init	24	static
main.c:746:13:MX_SPI3_Init	8	static
main.c:784:13:MX_TIM3_Init	32	static
main.c:829:13:MX_TIM11_Init	8	static
main.c:860:13:MX_USART2_UART_Init	8	static
main.c:891:13:MX_DMA_Init	16	static
main.c:909:13:MX_GPIO_Init	48	static
main.c:961:6:MCP4922SetOutput	24	static
main.c:969:6:HAL_SPI_TxCpltCallback	16	static
main.c:978:6:UARTRecieveAndResponsePolling	40	static
main.c:993:9:UARTRecieveIT	16	static
main.c:1007:6:HAL_UART_RxCpltCallback	16	static
main.c:1016:6:HAL_TIM_PeriodElapsedCallback	24	static
main.c:1024:17:micros	12	static
main.c:1034:6:Error_Handler	4	static,ignoring_inline_asm
